
> react-typescript-starter@0.1.0 test
> react-scripts test

Browserslist: caniuse-lite is outdated. Please run:
  npx browserslist@latest --update-db
  Why you should do it regularly: https://github.com/browserslist/browserslist#browsers-data-updating
FAIL src/HtmlCss.test.tsx
  ● Some HTML Elements are added. › There is a list with at least three elements

    TestingLibraryElementError: Unable to find an accessible element with the role "list"

    Here are the accessible roles:

      heading:

      Name "Mock React Website Deployment Header":
      [36m<h1 />[39m

      --------------------------------------------------
      banner:

      Name "":
      [36m<header[39m
        [33mclass[39m=[32m"App-header"[39m
      [36m/>[39m

      --------------------------------------------------
      img:

      Name "Deer":
      [36m<img[39m
        [33malt[39m=[32m"Deer"[39m
        [33mclass[39m=[32m"DeerPhoto"[39m
        [33msrc[39m=[32m"https://image.shutterstock.com/image-photo/silhouette-large-bull-elk-stag-260nw-325904582.jpg"[39m
      [36m/>[39m

      --------------------------------------------------

    Ignored nodes: comments, <script />, <style />
    [36m<body>[39m
      [36m<div>[39m
        [36m<div[39m
          [33mclass[39m=[32m"App"[39m
        [36m>[39m
          [36m<h1>[39m
            [0mMock React Website Deployment Header[0m
          [36m</h1>[39m
          [36m<header[39m
            [33mclass[39m=[32m"App-header"[39m
          [36m>[39m
            [0mUM COS420 with React Hooks and TypeScript[0m
          [36m</header>[39m
          [36m<p>[39m
            [0mEdit [0m
            [36m<code>[39m
              [0msrc/App.tsx[0m
            [36m</code>[39m
            [0m and save. This page will automatically reload (Maximilian).[0m
          [36m</p>[39m
          [36m<img[39m
            [33malt[39m=[32m"Deer"[39m
            [33mclass[39m=[32m"DeerPhoto"[39m
            [33msrc[39m=[32m"https://image.shutterstock.com/image-photo/silhouette-large-bull-elk-stag-260nw-325904582.jpg"[39m
          [36m/>[39m
        [36m</div>[39m
      [36m</div>[39m
    [36m</body>[39m

      20 |     test("There is a list with at least three elements", () => {
      21 |         render(<App />);
    > 22 |         const list = screen.getByRole("list");
         |                             ^
      23 |         expect(list).toBeInTheDocument();
      24 |         expect(list.children.length).toBeGreaterThanOrEqual(3);
      25 |     });

      at Object.getElementError (node_modules/@testing-library/dom/dist/config.js:38:19)
      at node_modules/@testing-library/dom/dist/query-helpers.js:90:38
      at node_modules/@testing-library/dom/dist/query-helpers.js:62:17
      at getByRole (node_modules/@testing-library/dom/dist/query-helpers.js:111:19)
      at Object.<anonymous> (src/HtmlCss.test.tsx:22:29)

  ● Some Bootstrap Elements are added › There is one bootstrap button with the text 'Log Hello World'

    TestingLibraryElementError: Unable to find an accessible element with the role "button" and name `/Log Hello World/i`

    Here are the accessible roles:

      heading:

      Name "Mock React Website Deployment Header":
      [36m<h1 />[39m

      --------------------------------------------------
      banner:

      Name "":
      [36m<header[39m
        [33mclass[39m=[32m"App-header"[39m
      [36m/>[39m

      --------------------------------------------------
      img:

      Name "Deer":
      [36m<img[39m
        [33malt[39m=[32m"Deer"[39m
        [33mclass[39m=[32m"DeerPhoto"[39m
        [33msrc[39m=[32m"https://image.shutterstock.com/image-photo/silhouette-large-bull-elk-stag-260nw-325904582.jpg"[39m
      [36m/>[39m

      --------------------------------------------------

    Ignored nodes: comments, <script />, <style />
    [36m<body>[39m
      [36m<div>[39m
        [36m<div[39m
          [33mclass[39m=[32m"App"[39m
        [36m>[39m
          [36m<h1>[39m
            [0mMock React Website Deployment Header[0m
          [36m</h1>[39m
          [36m<header[39m
            [33mclass[39m=[32m"App-header"[39m
          [36m>[39m
            [0mUM COS420 with React Hooks and TypeScript[0m
          [36m</header>[39m
          [36m<p>[39m
            [0mEdit [0m
            [36m<code>[39m
              [0msrc/App.tsx[0m
            [36m</code>[39m
            [0m and save. This page will automatically reload (Maximilian).[0m
          [36m</p>[39m
          [36m<img[39m
            [33malt[39m=[32m"Deer"[39m
            [33mclass[39m=[32m"DeerPhoto"[39m
            [33msrc[39m=[32m"https://image.shutterstock.com/image-photo/silhouette-large-bull-elk-stag-260nw-325904582.jpg"[39m
          [36m/>[39m
        [36m</div>[39m
      [36m</div>[39m
    [36m</body>[39m

      39 |     test("There is one bootstrap button with the text 'Log Hello World'", () => {
      40 |         render(<App />);
    > 41 |         const button = screen.getByRole("button", { name: /Log Hello World/i });
         |                               ^
      42 |         expect(button).toBeInTheDocument();
      43 |         expect(button).toHaveClass("btn");
      44 |         expect(button).toHaveClass("btn-primary");

      at Object.getElementError (node_modules/@testing-library/dom/dist/config.js:38:19)
      at node_modules/@testing-library/dom/dist/query-helpers.js:90:38
      at node_modules/@testing-library/dom/dist/query-helpers.js:62:17
      at getByRole (node_modules/@testing-library/dom/dist/query-helpers.js:111:19)
      at Object.<anonymous> (src/HtmlCss.test.tsx:41:31)

  ● Some Bootstrap Elements are added › Clicking the bootstrap button logs 'Hello World!'

    TestingLibraryElementError: Unable to find an accessible element with the role "button" and name `/Log Hello World/i`

    Here are the accessible roles:

      heading:

      Name "Mock React Website Deployment Header":
      [36m<h1 />[39m

      --------------------------------------------------
      banner:

      Name "":
      [36m<header[39m
        [33mclass[39m=[32m"App-header"[39m
      [36m/>[39m

      --------------------------------------------------
      img:

      Name "Deer":
      [36m<img[39m
        [33malt[39m=[32m"Deer"[39m
        [33mclass[39m=[32m"DeerPhoto"[39m
        [33msrc[39m=[32m"https://image.shutterstock.com/image-photo/silhouette-large-bull-elk-stag-260nw-325904582.jpg"[39m
      [36m/>[39m

      --------------------------------------------------

    Ignored nodes: comments, <script />, <style />
    [36m<body>[39m
      [36m<div>[39m
        [36m<div[39m
          [33mclass[39m=[32m"App"[39m
        [36m>[39m
          [36m<h1>[39m
            [0mMock React Website Deployment Header[0m
          [36m</h1>[39m
          [36m<header[39m
            [33mclass[39m=[32m"App-header"[39m
          [36m>[39m
            [0mUM COS420 with React Hooks and TypeScript[0m
          [36m</header>[39m
          [36m<p>[39m
            [0mEdit [0m
            [36m<code>[39m
              [0msrc/App.tsx[0m
            [36m</code>[39m
            [0m and save. This page will automatically reload (Maximilian).[0m
          [36m</p>[39m
          [36m<img[39m
            [33malt[39m=[32m"Deer"[39m
            [33mclass[39m=[32m"DeerPhoto"[39m
            [33msrc[39m=[32m"https://image.shutterstock.com/image-photo/silhouette-large-bull-elk-stag-260nw-325904582.jpg"[39m
          [36m/>[39m
        [36m</div>[39m
      [36m</div>[39m
    [36m</body>[39m

      54 |         const consoleSpy = jest.spyOn(console, "log");
      55 |         render(<App />);
    > 56 |         const button = screen.getByRole("button", { name: /Log Hello World/i });
         |                               ^
      57 |         userEvent.click(button);
      58 |         expect(consoleSpy).toHaveBeenCalledWith("Hello World!");
      59 |     });

      at Object.getElementError (node_modules/@testing-library/dom/dist/config.js:38:19)
      at node_modules/@testing-library/dom/dist/query-helpers.js:90:38
      at node_modules/@testing-library/dom/dist/query-helpers.js:62:17
      at getByRole (node_modules/@testing-library/dom/dist/query-helpers.js:111:19)
      at Object.<anonymous> (src/HtmlCss.test.tsx:56:31)

PASS src/App.test.tsx
----------|---------|----------|---------|---------|-------------------
File      | % Stmts | % Branch | % Funcs | % Lines | Uncovered Line #s 
----------|---------|----------|---------|---------|-------------------
All files |     100 |      100 |     100 |     100 |                   
 App.tsx  |     100 |      100 |     100 |     100 |                   
----------|---------|----------|---------|---------|-------------------

Test Suites: 1 failed, 1 passed, 2 total
Tests:       3 failed, 5 passed, 8 total
Snapshots:   0 total
Time:        1.999 s
Ran all test suites.
